sample0,1000.000000,C000000001
sample1,1000.000000,C000000001
sample2,1000.000000,C000000001
sample3,1000.000000,C000000001
sample4,1000.000000,C000000001
sample5,1000.000000,C000000001
sample6,1000.000000,C000000001
sample7,1000.000000,C000000001
sample8,1000.000000,C000000001
sample9,1000.000000,C000000001
